// Jest Snapshot v1, https://goo.gl/fbAQLP

exports[`client handles sql injection 1`] = `"column \\"now\\" does not exist"`;
