// Jest Snapshot v1, https://goo.gl/fbAQLP

exports[`postgres returns an error 1`] = `"column \\"now\\" does not exist"`;
